------------------------------------------------------------
TimeQuest Timing Analyzer Summary
------------------------------------------------------------

Type  : Slow 1100mV 85C Model Setup 'clk'
Slack : -2.643
TNS   : -34.249

Type  : Slow 1100mV 85C Model Setup 'feqdev:f|tmp'
Slack : -1.180
TNS   : -5.057

Type  : Slow 1100mV 85C Model Hold 'clk'
Slack : -1.291
TNS   : -1.291

Type  : Slow 1100mV 85C Model Hold 'feqdev:f|tmp'
Slack : 0.524
TNS   : 0.000

Type  : Slow 1100mV 85C Model Minimum Pulse Width 'clk'
Slack : -0.724
TNS   : -15.511

Type  : Slow 1100mV 85C Model Minimum Pulse Width 'feqdev:f|tmp'
Slack : -0.724
TNS   : -5.626

Type  : Slow 1100mV 85C Model Minimum Pulse Width 'lock_en'
Slack : 0.228
TNS   : 0.000

Type  : Slow 1100mV 0C Model Setup 'clk'
Slack : -2.971
TNS   : -34.511

Type  : Slow 1100mV 0C Model Setup 'feqdev:f|tmp'
Slack : -1.201
TNS   : -4.993

Type  : Slow 1100mV 0C Model Hold 'clk'
Slack : -1.314
TNS   : -1.314

Type  : Slow 1100mV 0C Model Hold 'feqdev:f|tmp'
Slack : 0.472
TNS   : 0.000

Type  : Slow 1100mV 0C Model Minimum Pulse Width 'clk'
Slack : -0.724
TNS   : -15.503

Type  : Slow 1100mV 0C Model Minimum Pulse Width 'feqdev:f|tmp'
Slack : -0.724
TNS   : -5.580

Type  : Slow 1100mV 0C Model Minimum Pulse Width 'lock_en'
Slack : 0.266
TNS   : 0.000

Type  : Fast 1100mV 85C Model Setup 'clk'
Slack : -0.914
TNS   : -6.430

Type  : Fast 1100mV 85C Model Setup 'feqdev:f|tmp'
Slack : -0.157
TNS   : -0.452

Type  : Fast 1100mV 85C Model Hold 'clk'
Slack : -0.546
TNS   : -0.546

Type  : Fast 1100mV 85C Model Hold 'feqdev:f|tmp'
Slack : 0.168
TNS   : 0.000

Type  : Fast 1100mV 85C Model Minimum Pulse Width 'clk'
Slack : -0.240
TNS   : -1.409

Type  : Fast 1100mV 85C Model Minimum Pulse Width 'lock_en'
Slack : -0.073
TNS   : -1.187

Type  : Fast 1100mV 85C Model Minimum Pulse Width 'feqdev:f|tmp'
Slack : 0.126
TNS   : 0.000

Type  : Fast 1100mV 0C Model Setup 'clk'
Slack : -0.875
TNS   : -5.185

Type  : Fast 1100mV 0C Model Setup 'feqdev:f|tmp'
Slack : -0.117
TNS   : -0.289

Type  : Fast 1100mV 0C Model Hold 'clk'
Slack : -0.599
TNS   : -0.599

Type  : Fast 1100mV 0C Model Hold 'feqdev:f|tmp'
Slack : 0.139
TNS   : 0.000

Type  : Fast 1100mV 0C Model Minimum Pulse Width 'clk'
Slack : -0.244
TNS   : -1.452

Type  : Fast 1100mV 0C Model Minimum Pulse Width 'lock_en'
Slack : -0.057
TNS   : -0.569

Type  : Fast 1100mV 0C Model Minimum Pulse Width 'feqdev:f|tmp'
Slack : 0.134
TNS   : 0.000

------------------------------------------------------------
